// Jest Snapshot v1, https://goo.gl/fbAQLP

exports[`ListingForm renders correctly 1`] = `
ShallowWrapper {
  "length": 1,
  Symbol(enzyme.__root__): [Circular],
  Symbol(enzyme.__unrendered__): <ProductAnalysis
    dispatch={[Function]}
    listings={Array []}
    navigation={
      Object {
        "state": Object {
          "params": Object {
            "id": 1,
          },
        },
      }
    }
  />,
  Symbol(enzyme.__renderer__): Object {
    "batchedUpdates": [Function],
    "getNode": [Function],
    "render": [Function],
    "simulateEvent": [Function],
    "unmount": [Function],
  },
  Symbol(enzyme.__node__): Object {
    "instance": null,
    "key": undefined,
    "nodeType": "class",
    "props": Object {
      "behavior": "padding",
      "children": <Card
        title="Pricing analysis for undefined"
      >
        <Text
          accessible={true}
          allowFontScaling={true}
          ellipsizeMode="tail"
        >
          

          Prioracle has made a decision - a fair price for your product to sell at is $
          undefined
          . You may modify the price below if you wish.
          

        </Text>
        <FormLabel
          labelStyle={
            Object {
              "color": "red",
            }
          }
        >
          Suggested Price
        </FormLabel>
        <FormInput
          editable={true}
          inputStyle={
            Object {
              "color": "black",
            }
          }
          normalizeFontSize={true}
          onChangeText={[Function]}
          textAlign="center"
          value="0"
        />
      </Card>,
      "keyboardVerticalOffset": 0,
      "style": Object {
        "backgroundColor": "#e1e8e6",
        "flex": 1,
        "justifyContent": "flex-start",
      },
    },
    "ref": null,
    "rendered": Object {
      "instance": null,
      "key": undefined,
      "nodeType": "function",
      "props": Object {
        "children": Array [
          <Text
            accessible={true}
            allowFontScaling={true}
            ellipsizeMode="tail"
          >
            

            Prioracle has made a decision - a fair price for your product to sell at is $
            undefined
            . You may modify the price below if you wish.
            

          </Text>,
          <FormLabel
            labelStyle={
              Object {
                "color": "red",
              }
            }
          >
            Suggested Price
          </FormLabel>,
          <FormInput
            editable={true}
            inputStyle={
              Object {
                "color": "black",
              }
            }
            normalizeFontSize={true}
            onChangeText={[Function]}
            textAlign="center"
            value="0"
          />,
        ],
        "title": "Pricing analysis for undefined",
      },
      "ref": null,
      "rendered": Array [
        Object {
          "instance": null,
          "key": undefined,
          "nodeType": "class",
          "props": Object {
            "accessible": true,
            "allowFontScaling": true,
            "children": Array [
              "
",
              "Prioracle has made a decision - a fair price for your product to sell at is $",
              "undefined",
              ". You may modify the price below if you wish.",
              "
",
            ],
            "ellipsizeMode": "tail",
          },
          "ref": null,
          "rendered": Array [
            "
",
            "Prioracle has made a decision - a fair price for your product to sell at is $",
            "undefined",
            ". You may modify the price below if you wish.",
            "
",
          ],
          "type": [Function],
        },
        Object {
          "instance": null,
          "key": undefined,
          "nodeType": "function",
          "props": Object {
            "children": "Suggested Price",
            "labelStyle": Object {
              "color": "red",
            },
          },
          "ref": null,
          "rendered": "Suggested Price",
          "type": [Function],
        },
        Object {
          "instance": null,
          "key": undefined,
          "nodeType": "class",
          "props": Object {
            "editable": true,
            "inputStyle": Object {
              "color": "black",
            },
            "normalizeFontSize": true,
            "onChangeText": [Function],
            "textAlign": "center",
            "value": "0",
          },
          "ref": null,
          "rendered": null,
          "type": [Function],
        },
      ],
      "type": [Function],
    },
    "type": [Function],
  },
  Symbol(enzyme.__nodes__): Array [
    Object {
      "instance": null,
      "key": undefined,
      "nodeType": "class",
      "props": Object {
        "behavior": "padding",
        "children": <Card
          title="Pricing analysis for undefined"
        >
          <Text
            accessible={true}
            allowFontScaling={true}
            ellipsizeMode="tail"
          >
            

            Prioracle has made a decision - a fair price for your product to sell at is $
            undefined
            . You may modify the price below if you wish.
            

          </Text>
          <FormLabel
            labelStyle={
              Object {
                "color": "red",
              }
            }
          >
            Suggested Price
          </FormLabel>
          <FormInput
            editable={true}
            inputStyle={
              Object {
                "color": "black",
              }
            }
            normalizeFontSize={true}
            onChangeText={[Function]}
            textAlign="center"
            value="0"
          />
        </Card>,
        "keyboardVerticalOffset": 0,
        "style": Object {
          "backgroundColor": "#e1e8e6",
          "flex": 1,
          "justifyContent": "flex-start",
        },
      },
      "ref": null,
      "rendered": Object {
        "instance": null,
        "key": undefined,
        "nodeType": "function",
        "props": Object {
          "children": Array [
            <Text
              accessible={true}
              allowFontScaling={true}
              ellipsizeMode="tail"
            >
              

              Prioracle has made a decision - a fair price for your product to sell at is $
              undefined
              . You may modify the price below if you wish.
              

            </Text>,
            <FormLabel
              labelStyle={
                Object {
                  "color": "red",
                }
              }
            >
              Suggested Price
            </FormLabel>,
            <FormInput
              editable={true}
              inputStyle={
                Object {
                  "color": "black",
                }
              }
              normalizeFontSize={true}
              onChangeText={[Function]}
              textAlign="center"
              value="0"
            />,
          ],
          "title": "Pricing analysis for undefined",
        },
        "ref": null,
        "rendered": Array [
          Object {
            "instance": null,
            "key": undefined,
            "nodeType": "class",
            "props": Object {
              "accessible": true,
              "allowFontScaling": true,
              "children": Array [
                "
",
                "Prioracle has made a decision - a fair price for your product to sell at is $",
                "undefined",
                ". You may modify the price below if you wish.",
                "
",
              ],
              "ellipsizeMode": "tail",
            },
            "ref": null,
            "rendered": Array [
              "
",
              "Prioracle has made a decision - a fair price for your product to sell at is $",
              "undefined",
              ". You may modify the price below if you wish.",
              "
",
            ],
            "type": [Function],
          },
          Object {
            "instance": null,
            "key": undefined,
            "nodeType": "function",
            "props": Object {
              "children": "Suggested Price",
              "labelStyle": Object {
                "color": "red",
              },
            },
            "ref": null,
            "rendered": "Suggested Price",
            "type": [Function],
          },
          Object {
            "instance": null,
            "key": undefined,
            "nodeType": "class",
            "props": Object {
              "editable": true,
              "inputStyle": Object {
                "color": "black",
              },
              "normalizeFontSize": true,
              "onChangeText": [Function],
              "textAlign": "center",
              "value": "0",
            },
            "ref": null,
            "rendered": null,
            "type": [Function],
          },
        ],
        "type": [Function],
      },
      "type": [Function],
    },
  ],
  Symbol(enzyme.__options__): Object {
    "adapter": ReactSixteenAdapter {
      "options": Object {
        "enableComponentDidUpdateOnSetState": true,
      },
    },
    "context": Object {
      "store": Object {
        "clearActions": [Function],
        "dispatch": [Function],
        "getActions": [Function],
        "getState": [Function],
        "replaceReducer": [Function],
        "subscribe": [Function],
      },
    },
  },
}
`;
